
> cat-video-creator-frontend@0.1.0 dev
> vite --port 5173


  VITE v5.4.8  ready in 2144 ms

  ➜  Local:   http://localhost:5173/
  ➜  Network: use --host to expose

> cat-video-creator-frontend@0.1.0 dev
> vite --port 5173


  VITE v5.4.8  ready in 2338 ms

  ➜  Local:   http://localhost:5173/
  ➜  Network: use --host to expose

> cat-video-creator-frontend@0.1.0 dev
> vite --port 5173


  VITE v5.4.8  ready in 116 ms

  ➜  Local:   http://localhost:5173/
  ➜  Network: use --host to expose
4:36:05 PM [vite] hmr update /src/components/components/moneyprinter-form.tsx, /src/styles.css

> cat-video-creator-frontend@0.1.0 dev
> vite --port 5173


  VITE v5.4.8  ready in 136 ms

  ➜  Local:   http://localhost:5173/
  ➜  Network: use --host to expose
4:37:26 PM [vite] hmr update /src/App.tsx, /src/styles.css
4:37:26 PM [vite] hmr update /src/components/components/moneyprinter-form.tsx, /src/styles.css

> cat-video-creator-frontend@0.1.0 dev
> vite --port 5173

Port 5173 is in use, trying another one...

  VITE v5.4.8  ready in 117 ms

  ➜  Local:   http://localhost:5174/
  ➜  Network: use --host to expose
4:39:09 PM [vite] hmr update /src/styles.css
4:39:58 PM [vite] hmr update /src/App.tsx, /src/styles.css
4:40:08 PM [vite] hmr update /src/styles.css
4:40:08 PM [vite] hmr update /src/App.tsx, /src/styles.css
7:36:27 PM [vite] hmr update /src/components/components/moneyprinter-form.tsx, /src/styles.css
7:36:33 PM [vite] hmr update /src/components/components/moneyprinter-form.tsx, /src/styles.css
7:36:33 PM [vite] Internal server error: /Users/guilhermetenroller/Documents/GitHub/personal/ai-video-generator/cat-video-creator/frontend/src/components/components/moneyprinter-form.tsx: Expected corresponding JSX closing tag for <div>. (200:12)

  198 |                 </div>
  199 |               </div>
> 200 |             </fieldset>
      |             ^
  201 |
  202 |             <fieldset className="grid gap-4">
  203 |               <legend className="text-sm font-medium">Acceleration</legend>
  Plugin: vite:react-babel
  File: /Users/guilhermetenroller/Documents/GitHub/personal/ai-video-generator/cat-video-creator/frontend/src/components/components/moneyprinter-form.tsx:200:12
  198|                  </div>
  199|                </div>
  200|              </fieldset>
     |              ^
  201|  
  202|              <fieldset className="grid gap-4">
      at constructor (/Users/guilhermetenroller/Documents/GitHub/personal/ai-video-generator/cat-video-creator/frontend/node_modules/@babel/parser/lib/index.js:367:19)
      at TypeScriptParserMixin.raise (/Users/guilhermetenroller/Documents/GitHub/personal/ai-video-generator/cat-video-creator/frontend/node_modules/@babel/parser/lib/index.js:6627:19)
      at TypeScriptParserMixin.jsxParseElementAt (/Users/guilhermetenroller/Documents/GitHub/personal/ai-video-generator/cat-video-creator/frontend/node_modules/@babel/parser/lib/index.js:4757:16)
      at TypeScriptParserMixin.jsxParseElementAt (/Users/guilhermetenroller/Documents/GitHub/personal/ai-video-generator/cat-video-creator/frontend/node_modules/@babel/parser/lib/index.js:4728:32)
      at TypeScriptParserMixin.jsxParseElementAt (/Users/guilhermetenroller/Documents/GitHub/personal/ai-video-generator/cat-video-creator/frontend/node_modules/@babel/parser/lib/index.js:4728:32)
      at TypeScriptParserMixin.jsxParseElementAt (/Users/guilhermetenroller/Documents/GitHub/personal/ai-video-generator/cat-video-creator/frontend/node_modules/@babel/parser/lib/index.js:4728:32)
      at TypeScriptParserMixin.jsxParseElementAt (/Users/guilhermetenroller/Documents/GitHub/personal/ai-video-generator/cat-video-creator/frontend/node_modules/@babel/parser/lib/index.js:4728:32)
      at TypeScriptParserMixin.jsxParseElement (/Users/guilhermetenroller/Documents/GitHub/personal/ai-video-generator/cat-video-creator/frontend/node_modules/@babel/parser/lib/index.js:4779:17)
      at TypeScriptParserMixin.parseExprAtom (/Users/guilhermetenroller/Documents/GitHub/personal/ai-video-generator/cat-video-creator/frontend/node_modules/@babel/parser/lib/index.js:4789:19)
      at TypeScriptParserMixin.parseExprSubscripts (/Users/guilhermetenroller/Documents/GitHub/personal/ai-video-generator/cat-video-creator/frontend/node_modules/@babel/parser/lib/index.js:11076:23)
      at TypeScriptParserMixin.parseUpdate (/Users/guilhermetenroller/Documents/GitHub/personal/ai-video-generator/cat-video-creator/frontend/node_modules/@babel/parser/lib/index.js:11061:21)
      at TypeScriptParserMixin.parseMaybeUnary (/Users/guilhermetenroller/Documents/GitHub/personal/ai-video-generator/cat-video-creator/frontend/node_modules/@babel/parser/lib/index.js:11041:23)
      at TypeScriptParserMixin.parseMaybeUnary (/Users/guilhermetenroller/Documents/GitHub/personal/ai-video-generator/cat-video-creator/frontend/node_modules/@babel/parser/lib/index.js:9852:18)
      at TypeScriptParserMixin.parseMaybeUnaryOrPrivate (/Users/guilhermetenroller/Documents/GitHub/personal/ai-video-generator/cat-video-creator/frontend/node_modules/@babel/parser/lib/index.js:10894:61)
      at TypeScriptParserMixin.parseExprOps (/Users/guilhermetenroller/Documents/GitHub/personal/ai-video-generator/cat-video-creator/frontend/node_modules/@babel/parser/lib/index.js:10899:23)
      at TypeScriptParserMixin.parseMaybeConditional (/Users/guilhermetenroller/Documents/GitHub/personal/ai-video-generator/cat-video-creator/frontend/node_modules/@babel/parser/lib/index.js:10876:23)
      at TypeScriptParserMixin.parseMaybeAssign (/Users/guilhermetenroller/Documents/GitHub/personal/ai-video-generator/cat-video-creator/frontend/node_modules/@babel/parser/lib/index.js:10826:21)
      at /Users/guilhermetenroller/Documents/GitHub/personal/ai-video-generator/cat-video-creator/frontend/node_modules/@babel/parser/lib/index.js:9790:39
      at TypeScriptParserMixin.tryParse (/Users/guilhermetenroller/Documents/GitHub/personal/ai-video-generator/cat-video-creator/frontend/node_modules/@babel/parser/lib/index.js:6935:20)
      at TypeScriptParserMixin.parseMaybeAssign (/Users/guilhermetenroller/Documents/GitHub/personal/ai-video-generator/cat-video-creator/frontend/node_modules/@babel/parser/lib/index.js:9790:18)
      at /Users/guilhermetenroller/Documents/GitHub/personal/ai-video-generator/cat-video-creator/frontend/node_modules/@babel/parser/lib/index.js:10795:39
      at TypeScriptParserMixin.allowInAnd (/Users/guilhermetenroller/Documents/GitHub/personal/ai-video-generator/cat-video-creator/frontend/node_modules/@babel/parser/lib/index.js:12427:12)
      at TypeScriptParserMixin.parseMaybeAssignAllowIn (/Users/guilhermetenroller/Documents/GitHub/personal/ai-video-generator/cat-video-creator/frontend/node_modules/@babel/parser/lib/index.js:10795:17)
      at TypeScriptParserMixin.parseMaybeAssignAllowInOrVoidPattern (/Users/guilhermetenroller/Documents/GitHub/personal/ai-video-generator/cat-video-creator/frontend/node_modules/@babel/parser/lib/index.js:12494:17)
      at TypeScriptParserMixin.parseParenAndDistinguishExpression (/Users/guilhermetenroller/Documents/GitHub/personal/ai-video-generator/cat-video-creator/frontend/node_modules/@babel/parser/lib/index.js:11674:28)
      at TypeScriptParserMixin.parseExprAtom (/Users/guilhermetenroller/Documents/GitHub/personal/ai-video-generator/cat-video-creator/frontend/node_modules/@babel/parser/lib/index.js:11326:23)
      at TypeScriptParserMixin.parseExprAtom (/Users/guilhermetenroller/Documents/GitHub/personal/ai-video-generator/cat-video-creator/frontend/node_modules/@babel/parser/lib/index.js:4794:20)
      at TypeScriptParserMixin.parseExprSubscripts (/Users/guilhermetenroller/Documents/GitHub/personal/ai-video-generator/cat-video-creator/frontend/node_modules/@babel/parser/lib/index.js:11076:23)
      at TypeScriptParserMixin.parseUpdate (/Users/guilhermetenroller/Documents/GitHub/personal/ai-video-generator/cat-video-creator/frontend/node_modules/@babel/parser/lib/index.js:11061:21)
      at TypeScriptParserMixin.parseMaybeUnary (/Users/guilhermetenroller/Documents/GitHub/personal/ai-video-generator/cat-video-creator/frontend/node_modules/@babel/parser/lib/index.js:11041:23)
      at TypeScriptParserMixin.parseMaybeUnary (/Users/guilhermetenroller/Documents/GitHub/personal/ai-video-generator/cat-video-creator/frontend/node_modules/@babel/parser/lib/index.js:9852:18)
      at TypeScriptParserMixin.parseMaybeUnaryOrPrivate (/Users/guilhermetenroller/Documents/GitHub/personal/ai-video-generator/cat-video-creator/frontend/node_modules/@babel/parser/lib/index.js:10894:61)
      at TypeScriptParserMixin.parseExprOps (/Users/guilhermetenroller/Documents/GitHub/personal/ai-video-generator/cat-video-creator/frontend/node_modules/@babel/parser/lib/index.js:10899:23)
      at TypeScriptParserMixin.parseMaybeConditional (/Users/guilhermetenroller/Documents/GitHub/personal/ai-video-generator/cat-video-creator/frontend/node_modules/@babel/parser/lib/index.js:10876:23)
      at TypeScriptParserMixin.parseMaybeAssign (/Users/guilhermetenroller/Documents/GitHub/personal/ai-video-generator/cat-video-creator/frontend/node_modules/@babel/parser/lib/index.js:10826:21)
      at TypeScriptParserMixin.parseMaybeAssign (/Users/guilhermetenroller/Documents/GitHub/personal/ai-video-generator/cat-video-creator/frontend/node_modules/@babel/parser/lib/index.js:9801:20)
      at TypeScriptParserMixin.parseExpressionBase (/Users/guilhermetenroller/Documents/GitHub/personal/ai-video-generator/cat-video-creator/frontend/node_modules/@babel/parser/lib/index.js:10779:23)
      at /Users/guilhermetenroller/Documents/GitHub/personal/ai-video-generator/cat-video-creator/frontend/node_modules/@babel/parser/lib/index.js:10775:39
      at TypeScriptParserMixin.allowInAnd (/Users/guilhermetenroller/Documents/GitHub/personal/ai-video-generator/cat-video-creator/frontend/node_modules/@babel/parser/lib/index.js:12422:16)
      at TypeScriptParserMixin.parseExpression (/Users/guilhermetenroller/Documents/GitHub/personal/ai-video-generator/cat-video-creator/frontend/node_modules/@babel/parser/lib/index.js:10775:17)
      at TypeScriptParserMixin.parseReturnStatement (/Users/guilhermetenroller/Documents/GitHub/personal/ai-video-generator/cat-video-creator/frontend/node_modules/@babel/parser/lib/index.js:13142:28)
      at TypeScriptParserMixin.parseStatementContent (/Users/guilhermetenroller/Documents/GitHub/personal/ai-video-generator/cat-video-creator/frontend/node_modules/@babel/parser/lib/index.js:12798:21)
      at TypeScriptParserMixin.parseStatementContent (/Users/guilhermetenroller/Documents/GitHub/personal/ai-video-generator/cat-video-creator/frontend/node_modules/@babel/parser/lib/index.js:9527:18)
      at TypeScriptParserMixin.parseStatementLike (/Users/guilhermetenroller/Documents/GitHub/personal/ai-video-generator/cat-video-creator/frontend/node_modules/@babel/parser/lib/index.js:12767:17)
      at TypeScriptParserMixin.parseStatementListItem (/Users/guilhermetenroller/Documents/GitHub/personal/ai-video-generator/cat-video-creator/frontend/node_modules/@babel/parser/lib/index.js:12747:17)
      at TypeScriptParserMixin.parseBlockOrModuleBlockBody (/Users/guilhermetenroller/Documents/GitHub/personal/ai-video-generator/cat-video-creator/frontend/node_modules/@babel/parser/lib/index.js:13316:61)
      at TypeScriptParserMixin.parseBlockBody (/Users/guilhermetenroller/Documents/GitHub/personal/ai-video-generator/cat-video-creator/frontend/node_modules/@babel/parser/lib/index.js:13309:10)
      at TypeScriptParserMixin.parseBlock (/Users/guilhermetenroller/Documents/GitHub/personal/ai-video-generator/cat-video-creator/frontend/node_modules/@babel/parser/lib/index.js:13297:10)
      at TypeScriptParserMixin.parseFunctionBody (/Users/guilhermetenroller/Documents/GitHub/personal/ai-video-generator/cat-video-creator/frontend/node_modules/@babel/parser/lib/index.js:12101:24)
      at TypeScriptParserMixin.parseFunctionBodyAndFinish (/Users/guilhermetenroller/Documents/GitHub/personal/ai-video-generator/cat-video-creator/frontend/node_modules/@babel/parser/lib/index.js:12087:10)
7:36:39 PM [vite] hmr update /src/components/components/moneyprinter-form.tsx, /src/styles.css
7:36:39 PM [vite] Internal server error: /Users/guilhermetenroller/Documents/GitHub/personal/ai-video-generator/cat-video-creator/frontend/src/components/components/moneyprinter-form.tsx: Expected corresponding JSX closing tag for <div>. (276:12)

  274 |                 </div>
  275 |               </div>
> 276 |             </fieldset>
      |             ^
  277 |
  278 |             <fieldset className="grid gap-4">
  279 |               <legend className="text-sm font-medium">Audio</legend>
  Plugin: vite:react-babel
  File: /Users/guilhermetenroller/Documents/GitHub/personal/ai-video-generator/cat-video-creator/frontend/src/components/components/moneyprinter-form.tsx:276:12
  274|                  </div>
  275|                </div>
  276|              </fieldset>
     |              ^
  277|  
  278|              <fieldset className="grid gap-4">
      at constructor (/Users/guilhermetenroller/Documents/GitHub/personal/ai-video-generator/cat-video-creator/frontend/node_modules/@babel/parser/lib/index.js:367:19)
      at TypeScriptParserMixin.raise (/Users/guilhermetenroller/Documents/GitHub/personal/ai-video-generator/cat-video-creator/frontend/node_modules/@babel/parser/lib/index.js:6627:19)
      at TypeScriptParserMixin.jsxParseElementAt (/Users/guilhermetenroller/Documents/GitHub/personal/ai-video-generator/cat-video-creator/frontend/node_modules/@babel/parser/lib/index.js:4757:16)
      at TypeScriptParserMixin.jsxParseElementAt (/Users/guilhermetenroller/Documents/GitHub/personal/ai-video-generator/cat-video-creator/frontend/node_modules/@babel/parser/lib/index.js:4728:32)
      at TypeScriptParserMixin.jsxParseElementAt (/Users/guilhermetenroller/Documents/GitHub/personal/ai-video-generator/cat-video-creator/frontend/node_modules/@babel/parser/lib/index.js:4728:32)
      at TypeScriptParserMixin.jsxParseElementAt (/Users/guilhermetenroller/Documents/GitHub/personal/ai-video-generator/cat-video-creator/frontend/node_modules/@babel/parser/lib/index.js:4728:32)
      at TypeScriptParserMixin.jsxParseElementAt (/Users/guilhermetenroller/Documents/GitHub/personal/ai-video-generator/cat-video-creator/frontend/node_modules/@babel/parser/lib/index.js:4728:32)
      at TypeScriptParserMixin.jsxParseElement (/Users/guilhermetenroller/Documents/GitHub/personal/ai-video-generator/cat-video-creator/frontend/node_modules/@babel/parser/lib/index.js:4779:17)
      at TypeScriptParserMixin.parseExprAtom (/Users/guilhermetenroller/Documents/GitHub/personal/ai-video-generator/cat-video-creator/frontend/node_modules/@babel/parser/lib/index.js:4789:19)
      at TypeScriptParserMixin.parseExprSubscripts (/Users/guilhermetenroller/Documents/GitHub/personal/ai-video-generator/cat-video-creator/frontend/node_modules/@babel/parser/lib/index.js:11076:23)
      at TypeScriptParserMixin.parseUpdate (/Users/guilhermetenroller/Documents/GitHub/personal/ai-video-generator/cat-video-creator/frontend/node_modules/@babel/parser/lib/index.js:11061:21)
      at TypeScriptParserMixin.parseMaybeUnary (/Users/guilhermetenroller/Documents/GitHub/personal/ai-video-generator/cat-video-creator/frontend/node_modules/@babel/parser/lib/index.js:11041:23)
      at TypeScriptParserMixin.parseMaybeUnary (/Users/guilhermetenroller/Documents/GitHub/personal/ai-video-generator/cat-video-creator/frontend/node_modules/@babel/parser/lib/index.js:9852:18)
      at TypeScriptParserMixin.parseMaybeUnaryOrPrivate (/Users/guilhermetenroller/Documents/GitHub/personal/ai-video-generator/cat-video-creator/frontend/node_modules/@babel/parser/lib/index.js:10894:61)
      at TypeScriptParserMixin.parseExprOps (/Users/guilhermetenroller/Documents/GitHub/personal/ai-video-generator/cat-video-creator/frontend/node_modules/@babel/parser/lib/index.js:10899:23)
      at TypeScriptParserMixin.parseMaybeConditional (/Users/guilhermetenroller/Documents/GitHub/personal/ai-video-generator/cat-video-creator/frontend/node_modules/@babel/parser/lib/index.js:10876:23)
      at TypeScriptParserMixin.parseMaybeAssign (/Users/guilhermetenroller/Documents/GitHub/personal/ai-video-generator/cat-video-creator/frontend/node_modules/@babel/parser/lib/index.js:10826:21)
      at /Users/guilhermetenroller/Documents/GitHub/personal/ai-video-generator/cat-video-creator/frontend/node_modules/@babel/parser/lib/index.js:9790:39
      at TypeScriptParserMixin.tryParse (/Users/guilhermetenroller/Documents/GitHub/personal/ai-video-generator/cat-video-creator/frontend/node_modules/@babel/parser/lib/index.js:6935:20)
      at TypeScriptParserMixin.parseMaybeAssign (/Users/guilhermetenroller/Documents/GitHub/personal/ai-video-generator/cat-video-creator/frontend/node_modules/@babel/parser/lib/index.js:9790:18)
      at /Users/guilhermetenroller/Documents/GitHub/personal/ai-video-generator/cat-video-creator/frontend/node_modules/@babel/parser/lib/index.js:10795:39
      at TypeScriptParserMixin.allowInAnd (/Users/guilhermetenroller/Documents/GitHub/personal/ai-video-generator/cat-video-creator/frontend/node_modules/@babel/parser/lib/index.js:12427:12)
      at TypeScriptParserMixin.parseMaybeAssignAllowIn (/Users/guilhermetenroller/Documents/GitHub/personal/ai-video-generator/cat-video-creator/frontend/node_modules/@babel/parser/lib/index.js:10795:17)
      at TypeScriptParserMixin.parseMaybeAssignAllowInOrVoidPattern (/Users/guilhermetenroller/Documents/GitHub/personal/ai-video-generator/cat-video-creator/frontend/node_modules/@babel/parser/lib/index.js:12494:17)
      at TypeScriptParserMixin.parseParenAndDistinguishExpression (/Users/guilhermetenroller/Documents/GitHub/personal/ai-video-generator/cat-video-creator/frontend/node_modules/@babel/parser/lib/index.js:11674:28)
      at TypeScriptParserMixin.parseExprAtom (/Users/guilhermetenroller/Documents/GitHub/personal/ai-video-generator/cat-video-creator/frontend/node_modules/@babel/parser/lib/index.js:11326:23)
      at TypeScriptParserMixin.parseExprAtom (/Users/guilhermetenroller/Documents/GitHub/personal/ai-video-generator/cat-video-creator/frontend/node_modules/@babel/parser/lib/index.js:4794:20)
      at TypeScriptParserMixin.parseExprSubscripts (/Users/guilhermetenroller/Documents/GitHub/personal/ai-video-generator/cat-video-creator/frontend/node_modules/@babel/parser/lib/index.js:11076:23)
      at TypeScriptParserMixin.parseUpdate (/Users/guilhermetenroller/Documents/GitHub/personal/ai-video-generator/cat-video-creator/frontend/node_modules/@babel/parser/lib/index.js:11061:21)
      at TypeScriptParserMixin.parseMaybeUnary (/Users/guilhermetenroller/Documents/GitHub/personal/ai-video-generator/cat-video-creator/frontend/node_modules/@babel/parser/lib/index.js:11041:23)
      at TypeScriptParserMixin.parseMaybeUnary (/Users/guilhermetenroller/Documents/GitHub/personal/ai-video-generator/cat-video-creator/frontend/node_modules/@babel/parser/lib/index.js:9852:18)
      at TypeScriptParserMixin.parseMaybeUnaryOrPrivate (/Users/guilhermetenroller/Documents/GitHub/personal/ai-video-generator/cat-video-creator/frontend/node_modules/@babel/parser/lib/index.js:10894:61)
      at TypeScriptParserMixin.parseExprOps (/Users/guilhermetenroller/Documents/GitHub/personal/ai-video-generator/cat-video-creator/frontend/node_modules/@babel/parser/lib/index.js:10899:23)
      at TypeScriptParserMixin.parseMaybeConditional (/Users/guilhermetenroller/Documents/GitHub/personal/ai-video-generator/cat-video-creator/frontend/node_modules/@babel/parser/lib/index.js:10876:23)
      at TypeScriptParserMixin.parseMaybeAssign (/Users/guilhermetenroller/Documents/GitHub/personal/ai-video-generator/cat-video-creator/frontend/node_modules/@babel/parser/lib/index.js:10826:21)
      at TypeScriptParserMixin.parseMaybeAssign (/Users/guilhermetenroller/Documents/GitHub/personal/ai-video-generator/cat-video-creator/frontend/node_modules/@babel/parser/lib/index.js:9801:20)
      at TypeScriptParserMixin.parseExpressionBase (/Users/guilhermetenroller/Documents/GitHub/personal/ai-video-generator/cat-video-creator/frontend/node_modules/@babel/parser/lib/index.js:10779:23)
      at /Users/guilhermetenroller/Documents/GitHub/personal/ai-video-generator/cat-video-creator/frontend/node_modules/@babel/parser/lib/index.js:10775:39
      at TypeScriptParserMixin.allowInAnd (/Users/guilhermetenroller/Documents/GitHub/personal/ai-video-generator/cat-video-creator/frontend/node_modules/@babel/parser/lib/index.js:12422:16)
      at TypeScriptParserMixin.parseExpression (/Users/guilhermetenroller/Documents/GitHub/personal/ai-video-generator/cat-video-creator/frontend/node_modules/@babel/parser/lib/index.js:10775:17)
      at TypeScriptParserMixin.parseReturnStatement (/Users/guilhermetenroller/Documents/GitHub/personal/ai-video-generator/cat-video-creator/frontend/node_modules/@babel/parser/lib/index.js:13142:28)
      at TypeScriptParserMixin.parseStatementContent (/Users/guilhermetenroller/Documents/GitHub/personal/ai-video-generator/cat-video-creator/frontend/node_modules/@babel/parser/lib/index.js:12798:21)
      at TypeScriptParserMixin.parseStatementContent (/Users/guilhermetenroller/Documents/GitHub/personal/ai-video-generator/cat-video-creator/frontend/node_modules/@babel/parser/lib/index.js:9527:18)
      at TypeScriptParserMixin.parseStatementLike (/Users/guilhermetenroller/Documents/GitHub/personal/ai-video-generator/cat-video-creator/frontend/node_modules/@babel/parser/lib/index.js:12767:17)
      at TypeScriptParserMixin.parseStatementListItem (/Users/guilhermetenroller/Documents/GitHub/personal/ai-video-generator/cat-video-creator/frontend/node_modules/@babel/parser/lib/index.js:12747:17)
      at TypeScriptParserMixin.parseBlockOrModuleBlockBody (/Users/guilhermetenroller/Documents/GitHub/personal/ai-video-generator/cat-video-creator/frontend/node_modules/@babel/parser/lib/index.js:13316:61)
      at TypeScriptParserMixin.parseBlockBody (/Users/guilhermetenroller/Documents/GitHub/personal/ai-video-generator/cat-video-creator/frontend/node_modules/@babel/parser/lib/index.js:13309:10)
      at TypeScriptParserMixin.parseBlock (/Users/guilhermetenroller/Documents/GitHub/personal/ai-video-generator/cat-video-creator/frontend/node_modules/@babel/parser/lib/index.js:13297:10)
      at TypeScriptParserMixin.parseFunctionBody (/Users/guilhermetenroller/Documents/GitHub/personal/ai-video-generator/cat-video-creator/frontend/node_modules/@babel/parser/lib/index.js:12101:24)
      at TypeScriptParserMixin.parseFunctionBodyAndFinish (/Users/guilhermetenroller/Documents/GitHub/personal/ai-video-generator/cat-video-creator/frontend/node_modules/@babel/parser/lib/index.js:12087:10)
7:36:45 PM [vite] hmr update /src/components/components/moneyprinter-form.tsx, /src/styles.css
7:36:45 PM [vite] Internal server error: /Users/guilhermetenroller/Documents/GitHub/personal/ai-video-generator/cat-video-creator/frontend/src/components/components/moneyprinter-form.tsx: Expected corresponding JSX closing tag for <div>. (362:12)

  360 |                 </div>
  361 |               </div>
> 362 |             </fieldset>
      |             ^
  363 |
  364 |             <fieldset className="grid gap-3">
  365 |               <legend className="text-sm font-medium">Custom Prompt (optional)</legend>
  Plugin: vite:react-babel
  File: /Users/guilhermetenroller/Documents/GitHub/personal/ai-video-generator/cat-video-creator/frontend/src/components/components/moneyprinter-form.tsx:362:12
  360|                  </div>
  361|                </div>
  362|              </fieldset>
     |              ^
  363|  
  364|              <fieldset className="grid gap-3">
      at constructor (/Users/guilhermetenroller/Documents/GitHub/personal/ai-video-generator/cat-video-creator/frontend/node_modules/@babel/parser/lib/index.js:367:19)
      at TypeScriptParserMixin.raise (/Users/guilhermetenroller/Documents/GitHub/personal/ai-video-generator/cat-video-creator/frontend/node_modules/@babel/parser/lib/index.js:6627:19)
      at TypeScriptParserMixin.jsxParseElementAt (/Users/guilhermetenroller/Documents/GitHub/personal/ai-video-generator/cat-video-creator/frontend/node_modules/@babel/parser/lib/index.js:4757:16)
      at TypeScriptParserMixin.jsxParseElementAt (/Users/guilhermetenroller/Documents/GitHub/personal/ai-video-generator/cat-video-creator/frontend/node_modules/@babel/parser/lib/index.js:4728:32)
      at TypeScriptParserMixin.jsxParseElementAt (/Users/guilhermetenroller/Documents/GitHub/personal/ai-video-generator/cat-video-creator/frontend/node_modules/@babel/parser/lib/index.js:4728:32)
      at TypeScriptParserMixin.jsxParseElementAt (/Users/guilhermetenroller/Documents/GitHub/personal/ai-video-generator/cat-video-creator/frontend/node_modules/@babel/parser/lib/index.js:4728:32)
      at TypeScriptParserMixin.jsxParseElementAt (/Users/guilhermetenroller/Documents/GitHub/personal/ai-video-generator/cat-video-creator/frontend/node_modules/@babel/parser/lib/index.js:4728:32)
      at TypeScriptParserMixin.jsxParseElement (/Users/guilhermetenroller/Documents/GitHub/personal/ai-video-generator/cat-video-creator/frontend/node_modules/@babel/parser/lib/index.js:4779:17)
      at TypeScriptParserMixin.parseExprAtom (/Users/guilhermetenroller/Documents/GitHub/personal/ai-video-generator/cat-video-creator/frontend/node_modules/@babel/parser/lib/index.js:4789:19)
      at TypeScriptParserMixin.parseExprSubscripts (/Users/guilhermetenroller/Documents/GitHub/personal/ai-video-generator/cat-video-creator/frontend/node_modules/@babel/parser/lib/index.js:11076:23)
      at TypeScriptParserMixin.parseUpdate (/Users/guilhermetenroller/Documents/GitHub/personal/ai-video-generator/cat-video-creator/frontend/node_modules/@babel/parser/lib/index.js:11061:21)
      at TypeScriptParserMixin.parseMaybeUnary (/Users/guilhermetenroller/Documents/GitHub/personal/ai-video-generator/cat-video-creator/frontend/node_modules/@babel/parser/lib/index.js:11041:23)
      at TypeScriptParserMixin.parseMaybeUnary (/Users/guilhermetenroller/Documents/GitHub/personal/ai-video-generator/cat-video-creator/frontend/node_modules/@babel/parser/lib/index.js:9852:18)
      at TypeScriptParserMixin.parseMaybeUnaryOrPrivate (/Users/guilhermetenroller/Documents/GitHub/personal/ai-video-generator/cat-video-creator/frontend/node_modules/@babel/parser/lib/index.js:10894:61)
      at TypeScriptParserMixin.parseExprOps (/Users/guilhermetenroller/Documents/GitHub/personal/ai-video-generator/cat-video-creator/frontend/node_modules/@babel/parser/lib/index.js:10899:23)
      at TypeScriptParserMixin.parseMaybeConditional (/Users/guilhermetenroller/Documents/GitHub/personal/ai-video-generator/cat-video-creator/frontend/node_modules/@babel/parser/lib/index.js:10876:23)
      at TypeScriptParserMixin.parseMaybeAssign (/Users/guilhermetenroller/Documents/GitHub/personal/ai-video-generator/cat-video-creator/frontend/node_modules/@babel/parser/lib/index.js:10826:21)
      at /Users/guilhermetenroller/Documents/GitHub/personal/ai-video-generator/cat-video-creator/frontend/node_modules/@babel/parser/lib/index.js:9790:39
      at TypeScriptParserMixin.tryParse (/Users/guilhermetenroller/Documents/GitHub/personal/ai-video-generator/cat-video-creator/frontend/node_modules/@babel/parser/lib/index.js:6935:20)
      at TypeScriptParserMixin.parseMaybeAssign (/Users/guilhermetenroller/Documents/GitHub/personal/ai-video-generator/cat-video-creator/frontend/node_modules/@babel/parser/lib/index.js:9790:18)
      at /Users/guilhermetenroller/Documents/GitHub/personal/ai-video-generator/cat-video-creator/frontend/node_modules/@babel/parser/lib/index.js:10795:39
      at TypeScriptParserMixin.allowInAnd (/Users/guilhermetenroller/Documents/GitHub/personal/ai-video-generator/cat-video-creator/frontend/node_modules/@babel/parser/lib/index.js:12427:12)
      at TypeScriptParserMixin.parseMaybeAssignAllowIn (/Users/guilhermetenroller/Documents/GitHub/personal/ai-video-generator/cat-video-creator/frontend/node_modules/@babel/parser/lib/index.js:10795:17)
      at TypeScriptParserMixin.parseMaybeAssignAllowInOrVoidPattern (/Users/guilhermetenroller/Documents/GitHub/personal/ai-video-generator/cat-video-creator/frontend/node_modules/@babel/parser/lib/index.js:12494:17)
      at TypeScriptParserMixin.parseParenAndDistinguishExpression (/Users/guilhermetenroller/Documents/GitHub/personal/ai-video-generator/cat-video-creator/frontend/node_modules/@babel/parser/lib/index.js:11674:28)
      at TypeScriptParserMixin.parseExprAtom (/Users/guilhermetenroller/Documents/GitHub/personal/ai-video-generator/cat-video-creator/frontend/node_modules/@babel/parser/lib/index.js:11326:23)
      at TypeScriptParserMixin.parseExprAtom (/Users/guilhermetenroller/Documents/GitHub/personal/ai-video-generator/cat-video-creator/frontend/node_modules/@babel/parser/lib/index.js:4794:20)
      at TypeScriptParserMixin.parseExprSubscripts (/Users/guilhermetenroller/Documents/GitHub/personal/ai-video-generator/cat-video-creator/frontend/node_modules/@babel/parser/lib/index.js:11076:23)
      at TypeScriptParserMixin.parseUpdate (/Users/guilhermetenroller/Documents/GitHub/personal/ai-video-generator/cat-video-creator/frontend/node_modules/@babel/parser/lib/index.js:11061:21)
      at TypeScriptParserMixin.parseMaybeUnary (/Users/guilhermetenroller/Documents/GitHub/personal/ai-video-generator/cat-video-creator/frontend/node_modules/@babel/parser/lib/index.js:11041:23)
      at TypeScriptParserMixin.parseMaybeUnary (/Users/guilhermetenroller/Documents/GitHub/personal/ai-video-generator/cat-video-creator/frontend/node_modules/@babel/parser/lib/index.js:9852:18)
      at TypeScriptParserMixin.parseMaybeUnaryOrPrivate (/Users/guilhermetenroller/Documents/GitHub/personal/ai-video-generator/cat-video-creator/frontend/node_modules/@babel/parser/lib/index.js:10894:61)
      at TypeScriptParserMixin.parseExprOps (/Users/guilhermetenroller/Documents/GitHub/personal/ai-video-generator/cat-video-creator/frontend/node_modules/@babel/parser/lib/index.js:10899:23)
      at TypeScriptParserMixin.parseMaybeConditional (/Users/guilhermetenroller/Documents/GitHub/personal/ai-video-generator/cat-video-creator/frontend/node_modules/@babel/parser/lib/index.js:10876:23)
      at TypeScriptParserMixin.parseMaybeAssign (/Users/guilhermetenroller/Documents/GitHub/personal/ai-video-generator/cat-video-creator/frontend/node_modules/@babel/parser/lib/index.js:10826:21)
      at TypeScriptParserMixin.parseMaybeAssign (/Users/guilhermetenroller/Documents/GitHub/personal/ai-video-generator/cat-video-creator/frontend/node_modules/@babel/parser/lib/index.js:9801:20)
      at TypeScriptParserMixin.parseExpressionBase (/Users/guilhermetenroller/Documents/GitHub/personal/ai-video-generator/cat-video-creator/frontend/node_modules/@babel/parser/lib/index.js:10779:23)
      at /Users/guilhermetenroller/Documents/GitHub/personal/ai-video-generator/cat-video-creator/frontend/node_modules/@babel/parser/lib/index.js:10775:39
      at TypeScriptParserMixin.allowInAnd (/Users/guilhermetenroller/Documents/GitHub/personal/ai-video-generator/cat-video-creator/frontend/node_modules/@babel/parser/lib/index.js:12422:16)
      at TypeScriptParserMixin.parseExpression (/Users/guilhermetenroller/Documents/GitHub/personal/ai-video-generator/cat-video-creator/frontend/node_modules/@babel/parser/lib/index.js:10775:17)
      at TypeScriptParserMixin.parseReturnStatement (/Users/guilhermetenroller/Documents/GitHub/personal/ai-video-generator/cat-video-creator/frontend/node_modules/@babel/parser/lib/index.js:13142:28)
      at TypeScriptParserMixin.parseStatementContent (/Users/guilhermetenroller/Documents/GitHub/personal/ai-video-generator/cat-video-creator/frontend/node_modules/@babel/parser/lib/index.js:12798:21)
      at TypeScriptParserMixin.parseStatementContent (/Users/guilhermetenroller/Documents/GitHub/personal/ai-video-generator/cat-video-creator/frontend/node_modules/@babel/parser/lib/index.js:9527:18)
      at TypeScriptParserMixin.parseStatementLike (/Users/guilhermetenroller/Documents/GitHub/personal/ai-video-generator/cat-video-creator/frontend/node_modules/@babel/parser/lib/index.js:12767:17)
      at TypeScriptParserMixin.parseStatementListItem (/Users/guilhermetenroller/Documents/GitHub/personal/ai-video-generator/cat-video-creator/frontend/node_modules/@babel/parser/lib/index.js:12747:17)
      at TypeScriptParserMixin.parseBlockOrModuleBlockBody (/Users/guilhermetenroller/Documents/GitHub/personal/ai-video-generator/cat-video-creator/frontend/node_modules/@babel/parser/lib/index.js:13316:61)
      at TypeScriptParserMixin.parseBlockBody (/Users/guilhermetenroller/Documents/GitHub/personal/ai-video-generator/cat-video-creator/frontend/node_modules/@babel/parser/lib/index.js:13309:10)
      at TypeScriptParserMixin.parseBlock (/Users/guilhermetenroller/Documents/GitHub/personal/ai-video-generator/cat-video-creator/frontend/node_modules/@babel/parser/lib/index.js:13297:10)
      at TypeScriptParserMixin.parseFunctionBody (/Users/guilhermetenroller/Documents/GitHub/personal/ai-video-generator/cat-video-creator/frontend/node_modules/@babel/parser/lib/index.js:12101:24)
      at TypeScriptParserMixin.parseFunctionBodyAndFinish (/Users/guilhermetenroller/Documents/GitHub/personal/ai-video-generator/cat-video-creator/frontend/node_modules/@babel/parser/lib/index.js:12087:10)
7:36:51 PM [vite] hmr update /src/components/components/moneyprinter-form.tsx, /src/styles.css
7:36:51 PM [vite] Internal server error: /Users/guilhermetenroller/Documents/GitHub/personal/ai-video-generator/cat-video-creator/frontend/src/components/components/moneyprinter-form.tsx: Expected corresponding JSX closing tag for <div>. (375:12)

  373 |                 <Textarea id={promptId} name="customPrompt" placeholder="Provide additional guidance for the script..." />
  374 |               </div>
> 375 |             </fieldset>
      |             ^
  376 |           </CardContent>
  377 |           <CardFooter className="gap-2">
  378 |             <Button type="submit" disabled={!!busy} className="inline-flex items-center gap-2">
  Plugin: vite:react-babel
  File: /Users/guilhermetenroller/Documents/GitHub/personal/ai-video-generator/cat-video-creator/frontend/src/components/components/moneyprinter-form.tsx:375:12
  373|                  <Textarea id={promptId} name="customPrompt" placeholder="Provide additional guidance for the script..." />
  374|                </div>
  375|              </fieldset>
     |              ^
  376|            </CardContent>
  377|            <CardFooter className="gap-2">
      at constructor (/Users/guilhermetenroller/Documents/GitHub/personal/ai-video-generator/cat-video-creator/frontend/node_modules/@babel/parser/lib/index.js:367:19)
      at TypeScriptParserMixin.raise (/Users/guilhermetenroller/Documents/GitHub/personal/ai-video-generator/cat-video-creator/frontend/node_modules/@babel/parser/lib/index.js:6627:19)
      at TypeScriptParserMixin.jsxParseElementAt (/Users/guilhermetenroller/Documents/GitHub/personal/ai-video-generator/cat-video-creator/frontend/node_modules/@babel/parser/lib/index.js:4757:16)
      at TypeScriptParserMixin.jsxParseElementAt (/Users/guilhermetenroller/Documents/GitHub/personal/ai-video-generator/cat-video-creator/frontend/node_modules/@babel/parser/lib/index.js:4728:32)
      at TypeScriptParserMixin.jsxParseElementAt (/Users/guilhermetenroller/Documents/GitHub/personal/ai-video-generator/cat-video-creator/frontend/node_modules/@babel/parser/lib/index.js:4728:32)
      at TypeScriptParserMixin.jsxParseElementAt (/Users/guilhermetenroller/Documents/GitHub/personal/ai-video-generator/cat-video-creator/frontend/node_modules/@babel/parser/lib/index.js:4728:32)
      at TypeScriptParserMixin.jsxParseElementAt (/Users/guilhermetenroller/Documents/GitHub/personal/ai-video-generator/cat-video-creator/frontend/node_modules/@babel/parser/lib/index.js:4728:32)
      at TypeScriptParserMixin.jsxParseElement (/Users/guilhermetenroller/Documents/GitHub/personal/ai-video-generator/cat-video-creator/frontend/node_modules/@babel/parser/lib/index.js:4779:17)
      at TypeScriptParserMixin.parseExprAtom (/Users/guilhermetenroller/Documents/GitHub/personal/ai-video-generator/cat-video-creator/frontend/node_modules/@babel/parser/lib/index.js:4789:19)
      at TypeScriptParserMixin.parseExprSubscripts (/Users/guilhermetenroller/Documents/GitHub/personal/ai-video-generator/cat-video-creator/frontend/node_modules/@babel/parser/lib/index.js:11076:23)
      at TypeScriptParserMixin.parseUpdate (/Users/guilhermetenroller/Documents/GitHub/personal/ai-video-generator/cat-video-creator/frontend/node_modules/@babel/parser/lib/index.js:11061:21)
      at TypeScriptParserMixin.parseMaybeUnary (/Users/guilhermetenroller/Documents/GitHub/personal/ai-video-generator/cat-video-creator/frontend/node_modules/@babel/parser/lib/index.js:11041:23)
      at TypeScriptParserMixin.parseMaybeUnary (/Users/guilhermetenroller/Documents/GitHub/personal/ai-video-generator/cat-video-creator/frontend/node_modules/@babel/parser/lib/index.js:9852:18)
      at TypeScriptParserMixin.parseMaybeUnaryOrPrivate (/Users/guilhermetenroller/Documents/GitHub/personal/ai-video-generator/cat-video-creator/frontend/node_modules/@babel/parser/lib/index.js:10894:61)
      at TypeScriptParserMixin.parseExprOps (/Users/guilhermetenroller/Documents/GitHub/personal/ai-video-generator/cat-video-creator/frontend/node_modules/@babel/parser/lib/index.js:10899:23)
      at TypeScriptParserMixin.parseMaybeConditional (/Users/guilhermetenroller/Documents/GitHub/personal/ai-video-generator/cat-video-creator/frontend/node_modules/@babel/parser/lib/index.js:10876:23)
      at TypeScriptParserMixin.parseMaybeAssign (/Users/guilhermetenroller/Documents/GitHub/personal/ai-video-generator/cat-video-creator/frontend/node_modules/@babel/parser/lib/index.js:10826:21)
      at /Users/guilhermetenroller/Documents/GitHub/personal/ai-video-generator/cat-video-creator/frontend/node_modules/@babel/parser/lib/index.js:9790:39
      at TypeScriptParserMixin.tryParse (/Users/guilhermetenroller/Documents/GitHub/personal/ai-video-generator/cat-video-creator/frontend/node_modules/@babel/parser/lib/index.js:6935:20)
      at TypeScriptParserMixin.parseMaybeAssign (/Users/guilhermetenroller/Documents/GitHub/personal/ai-video-generator/cat-video-creator/frontend/node_modules/@babel/parser/lib/index.js:9790:18)
      at /Users/guilhermetenroller/Documents/GitHub/personal/ai-video-generator/cat-video-creator/frontend/node_modules/@babel/parser/lib/index.js:10795:39
      at TypeScriptParserMixin.allowInAnd (/Users/guilhermetenroller/Documents/GitHub/personal/ai-video-generator/cat-video-creator/frontend/node_modules/@babel/parser/lib/index.js:12427:12)
      at TypeScriptParserMixin.parseMaybeAssignAllowIn (/Users/guilhermetenroller/Documents/GitHub/personal/ai-video-generator/cat-video-creator/frontend/node_modules/@babel/parser/lib/index.js:10795:17)
      at TypeScriptParserMixin.parseMaybeAssignAllowInOrVoidPattern (/Users/guilhermetenroller/Documents/GitHub/personal/ai-video-generator/cat-video-creator/frontend/node_modules/@babel/parser/lib/index.js:12494:17)
      at TypeScriptParserMixin.parseParenAndDistinguishExpression (/Users/guilhermetenroller/Documents/GitHub/personal/ai-video-generator/cat-video-creator/frontend/node_modules/@babel/parser/lib/index.js:11674:28)
      at TypeScriptParserMixin.parseExprAtom (/Users/guilhermetenroller/Documents/GitHub/personal/ai-video-generator/cat-video-creator/frontend/node_modules/@babel/parser/lib/index.js:11326:23)
      at TypeScriptParserMixin.parseExprAtom (/Users/guilhermetenroller/Documents/GitHub/personal/ai-video-generator/cat-video-creator/frontend/node_modules/@babel/parser/lib/index.js:4794:20)
      at TypeScriptParserMixin.parseExprSubscripts (/Users/guilhermetenroller/Documents/GitHub/personal/ai-video-generator/cat-video-creator/frontend/node_modules/@babel/parser/lib/index.js:11076:23)
      at TypeScriptParserMixin.parseUpdate (/Users/guilhermetenroller/Documents/GitHub/personal/ai-video-generator/cat-video-creator/frontend/node_modules/@babel/parser/lib/index.js:11061:21)
      at TypeScriptParserMixin.parseMaybeUnary (/Users/guilhermetenroller/Documents/GitHub/personal/ai-video-generator/cat-video-creator/frontend/node_modules/@babel/parser/lib/index.js:11041:23)
      at TypeScriptParserMixin.parseMaybeUnary (/Users/guilhermetenroller/Documents/GitHub/personal/ai-video-generator/cat-video-creator/frontend/node_modules/@babel/parser/lib/index.js:9852:18)
      at TypeScriptParserMixin.parseMaybeUnaryOrPrivate (/Users/guilhermetenroller/Documents/GitHub/personal/ai-video-generator/cat-video-creator/frontend/node_modules/@babel/parser/lib/index.js:10894:61)
      at TypeScriptParserMixin.parseExprOps (/Users/guilhermetenroller/Documents/GitHub/personal/ai-video-generator/cat-video-creator/frontend/node_modules/@babel/parser/lib/index.js:10899:23)
      at TypeScriptParserMixin.parseMaybeConditional (/Users/guilhermetenroller/Documents/GitHub/personal/ai-video-generator/cat-video-creator/frontend/node_modules/@babel/parser/lib/index.js:10876:23)
      at TypeScriptParserMixin.parseMaybeAssign (/Users/guilhermetenroller/Documents/GitHub/personal/ai-video-generator/cat-video-creator/frontend/node_modules/@babel/parser/lib/index.js:10826:21)
      at TypeScriptParserMixin.parseMaybeAssign (/Users/guilhermetenroller/Documents/GitHub/personal/ai-video-generator/cat-video-creator/frontend/node_modules/@babel/parser/lib/index.js:9801:20)
      at TypeScriptParserMixin.parseExpressionBase (/Users/guilhermetenroller/Documents/GitHub/personal/ai-video-generator/cat-video-creator/frontend/node_modules/@babel/parser/lib/index.js:10779:23)
      at /Users/guilhermetenroller/Documents/GitHub/personal/ai-video-generator/cat-video-creator/frontend/node_modules/@babel/parser/lib/index.js:10775:39
      at TypeScriptParserMixin.allowInAnd (/Users/guilhermetenroller/Documents/GitHub/personal/ai-video-generator/cat-video-creator/frontend/node_modules/@babel/parser/lib/index.js:12422:16)
      at TypeScriptParserMixin.parseExpression (/Users/guilhermetenroller/Documents/GitHub/personal/ai-video-generator/cat-video-creator/frontend/node_modules/@babel/parser/lib/index.js:10775:17)
      at TypeScriptParserMixin.parseReturnStatement (/Users/guilhermetenroller/Documents/GitHub/personal/ai-video-generator/cat-video-creator/frontend/node_modules/@babel/parser/lib/index.js:13142:28)
      at TypeScriptParserMixin.parseStatementContent (/Users/guilhermetenroller/Documents/GitHub/personal/ai-video-generator/cat-video-creator/frontend/node_modules/@babel/parser/lib/index.js:12798:21)
      at TypeScriptParserMixin.parseStatementContent (/Users/guilhermetenroller/Documents/GitHub/personal/ai-video-generator/cat-video-creator/frontend/node_modules/@babel/parser/lib/index.js:9527:18)
      at TypeScriptParserMixin.parseStatementLike (/Users/guilhermetenroller/Documents/GitHub/personal/ai-video-generator/cat-video-creator/frontend/node_modules/@babel/parser/lib/index.js:12767:17)
      at TypeScriptParserMixin.parseStatementListItem (/Users/guilhermetenroller/Documents/GitHub/personal/ai-video-generator/cat-video-creator/frontend/node_modules/@babel/parser/lib/index.js:12747:17)
      at TypeScriptParserMixin.parseBlockOrModuleBlockBody (/Users/guilhermetenroller/Documents/GitHub/personal/ai-video-generator/cat-video-creator/frontend/node_modules/@babel/parser/lib/index.js:13316:61)
      at TypeScriptParserMixin.parseBlockBody (/Users/guilhermetenroller/Documents/GitHub/personal/ai-video-generator/cat-video-creator/frontend/node_modules/@babel/parser/lib/index.js:13309:10)
      at TypeScriptParserMixin.parseBlock (/Users/guilhermetenroller/Documents/GitHub/personal/ai-video-generator/cat-video-creator/frontend/node_modules/@babel/parser/lib/index.js:13297:10)
      at TypeScriptParserMixin.parseFunctionBody (/Users/guilhermetenroller/Documents/GitHub/personal/ai-video-generator/cat-video-creator/frontend/node_modules/@babel/parser/lib/index.js:12101:24)
      at TypeScriptParserMixin.parseFunctionBodyAndFinish (/Users/guilhermetenroller/Documents/GitHub/personal/ai-video-generator/cat-video-creator/frontend/node_modules/@babel/parser/lib/index.js:12087:10)
7:37:05 PM [vite] hmr update /src/components/components/moneyprinter-form.tsx, /src/styles.css
7:37:05 PM [vite] hmr update /src/components/components/moneyprinter-form.tsx, /src/styles.css
7:37:39 PM [vite] hmr update /src/components/components/job-panel.tsx, /src/styles.css
7:38:14 PM [vite] hmr update /src/components/components/preview-panel.tsx, /src/styles.css
7:38:26 PM [vite] hmr update /src/components/components/ui/card.tsx, /src/styles.css
7:38:49 PM [vite] hmr update /src/App.tsx, /src/styles.css
7:39:03 PM [vite] hmr update /src/styles.css
7:39:08 PM [vite] hmr update /src/App.tsx, /src/styles.css
7:39:13 PM [vite] hmr update /src/App.tsx, /src/styles.css
7:39:37 PM [vite] hmr update /src/components/components/moneyprinter-form.tsx, /src/styles.css
7:39:37 PM [vite] hmr update /src/components/components/job-panel.tsx, /src/styles.css
7:39:37 PM [vite] hmr update /src/App.tsx, /src/styles.css
7:39:37 PM [vite] hmr update /src/components/components/ui/card.tsx, /src/styles.css
7:39:37 PM [vite] hmr update /src/styles.css
7:39:37 PM [vite] hmr update /src/components/components/preview-panel.tsx, /src/styles.css

> cat-video-creator-frontend@0.1.0 dev
> vite --port 5173


  VITE v5.4.8  ready in 2573 ms

  ➜  Local:   http://localhost:5173/
  ➜  Network: use --host to expose
7:42:31 PM [vite] hmr update /src/components/components/moneyprinter-form.tsx, /src/styles.css
7:42:42 PM [vite] hmr update /src/components/components/moneyprinter-form.tsx, /src/styles.css

> cat-video-creator-frontend@0.1.0 dev
> vite --port 5173


  VITE v5.4.8  ready in 392 ms

  ➜  Local:   http://localhost:5173/
  ➜  Network: use --host to expose

> cat-video-creator-frontend@0.1.0 dev
> vite --port 5173


  VITE v5.4.8  ready in 120 ms

  ➜  Local:   http://localhost:5173/
  ➜  Network: use --host to expose

> cat-video-creator-frontend@0.1.0 dev
> vite --port 5173


  VITE v5.4.8  ready in 118 ms

  ➜  Local:   http://localhost:5173/
  ➜  Network: use --host to expose
7:59:08 PM [vite] hmr update /src/App.tsx, /src/styles.css
7:59:13 PM [vite] hmr update /src/components/components/job-panel.tsx, /src/styles.css
7:59:35 PM [vite] hmr update /src/components/components/job-panel.tsx, /src/styles.css
7:59:51 PM [vite] hmr update /src/App.tsx, /src/styles.css
8:00:18 PM [vite] hmr update /src/components/components/job-panel.tsx, /src/styles.css
8:00:18 PM [vite] hmr update /src/App.tsx, /src/styles.css

> cat-video-creator-frontend@0.1.0 dev
> vite --port 5173


  VITE v5.4.8  ready in 108 ms

  ➜  Local:   http://localhost:5173/
  ➜  Network: use --host to expose
8:02:48 PM [vite] hmr update /src/components/components/job-panel.tsx, /src/styles.css
8:02:59 PM [vite] hmr update /src/components/components/job-panel.tsx, /src/styles.css
8:02:59 PM [vite] hmr update /src/components/components/job-panel.tsx, /src/styles.css
8:03:12 PM [vite] hmr update /src/components/components/job-panel.tsx, /src/styles.css
8:04:36 PM [vite] hmr update /src/App.tsx, /src/styles.css
8:04:41 PM [vite] hmr update /src/components/components/moneyprinter-form.tsx, /src/styles.css
8:04:41 PM [vite] hmr update /src/components/components/moneyprinter-form.tsx, /src/styles.css
8:04:48 PM [vite] hmr update /src/styles.css
8:04:58 PM [vite] hmr update /src/styles.css
8:05:03 PM [vite] hmr update /src/App.tsx, /src/styles.css
8:05:24 PM [vite] hmr update /src/App.tsx, /src/styles.css
8:05:24 PM [vite] hmr update /src/styles.css
8:05:24 PM [vite] hmr update /src/components/components/moneyprinter-form.tsx, /src/styles.css

> cat-video-creator-frontend@0.1.0 dev
> vite --port 5173


  VITE v5.4.8  ready in 2442 ms

  ➜  Local:   http://localhost:5173/
  ➜  Network: use --host to expose
  ➜  press h + enter to show help
9:05:33 PM [vite] hmr update /src/App.tsx, /src/styles.css
